src/controller/payout.controller.ts(90,53): error TS2379: Argument of type '{ restaurantId: number; amount: number; commissionAmount: number; periodStart: Date; periodEnd: Date; bankName: string; accountNumber: string; accountHolderName: string; adminNotes: string | undefined; }' is not assignable to parameter of type '{ restaurantId: number; amount: number; commissionAmount: number; periodStart: Date; periodEnd: Date; bankName: string; accountNumber: string; accountHolderName: string; adminNotes?: string; }' with 'exactOptionalPropertyTypes: true'. Consider adding 'undefined' to the types of the target's properties.
  Types of property 'adminNotes' are incompatible.
    Type 'string | undefined' is not assignable to type 'string'.
      Type 'undefined' is not assignable to type 'string'.
src/controller/payout.controller.ts(124,36): error TS2304: Cannot find name 'status'.
src/controller/restaurant.controller.ts(108,66): error TS2379: Argument of type '{ name?: string | undefined; description?: string | undefined; logo?: string | undefined; coverImage?: string | undefined; phone?: string | undefined; email?: string | undefined; address?: string | undefined; ... 9 more ...; minOrderAmount?: string | undefined; }' is not assignable to parameter of type 'Partial<{ address: string; city: string; name: string; ownerId: number; slug: string; email?: string | null | undefined; phone?: string | null | undefined; country?: string | null | undefined; zipcode?: string | ... 1 more ... | undefined; ... 20 more ...; totalReviews?: number | ... 1 more ... | undefined; }>' with 'exactOptionalPropertyTypes: true'. Consider adding 'undefined' to the types of the target's properties.
  Types of property 'address' are incompatible.
    Type 'string | undefined' is not assignable to type 'string'.
      Type 'undefined' is not assignable to type 'string'.
src/services/order.services.ts(123,8): error TS2769: No overload matches this call.
  Overload 1 of 2, '(value: { userId: number | SQL<unknown> | Placeholder<string, any>; restaurantId: number | SQL<unknown> | Placeholder<string, any>; deliveryAddress: string | SQL<...> | Placeholder<...>; ... 22 more ...; deliveredAt?: Date | ... 3 more ... | undefined; }): PgInsertBase<...>', gave the following error.
    Type 'string' is not assignable to type 'SQL<unknown> | Placeholder<string, any> | "cod" | "card" | "mobile_banking" | undefined'.
  Overload 2 of 2, '(values: { userId: number | SQL<unknown> | Placeholder<string, any>; restaurantId: number | SQL<unknown> | Placeholder<string, any>; deliveryAddress: string | SQL<...> | Placeholder<...>; ... 22 more ...; deliveredAt?: Date | ... 3 more ... | undefined; }[]): PgInsertBase<...>', gave the following error.
    Object literal may only specify known properties, and 'userId' does not exist in type '{ userId: number | SQL<unknown> | Placeholder<string, any>; restaurantId: number | SQL<unknown> | Placeholder<string, any>; deliveryAddress: string | SQL<...> | Placeholder<...>; ... 22 more ...; deliveredAt?: Date | ... 3 more ... | undefined; }[]'.
